// Jest Snapshot v1, https://goo.gl/fbAQLP

exports[`Header should render correctly 1`] = `
<DocumentFragment>
  <nav
    class="Nav-Bar"
  >
    <p
      class="Nav-Icon"
    >
      My 
      <b>
        Record
      </b>
       Shelf
    </p>
  </nav>
</DocumentFragment>
`;
